(3,ID,"main")
(3,SYM,":")
(3,KEY,"function")
(3,KEY,"integer")
(3,SYM,"(")
(3,SYM,")")
(3,SYM,"=")
(5,SYM,"{")
(7,ID,"a")
(7,SYM,":")
(7,KEY,"integer")
(7,SYM,";")
(9,ID,"read")
(9,SYM,"(")
(9,ID,"a")
(9,SYM,")")
(9,SYM,";")
(11,KEY,"if")
(11,SYM,"(")
(11,ID,"a")
(11,SYMC,"<=")
(11,NUM,"0")
(11,SYM,")")
(13,ID,"a")
(13,SYM,"=")
(13,NUM,"1")
(13,SYM,";")
(15,KEY,"print")
(15,SYM,"(")
(15,STR,""saida: "")
(15,SYM,",")
(15,ID,"a")
(15,SYM,")")
(15,SYM,";")
(17,SYM,"}")
