(1,ID,"boolean")
(3,KEY,"else")
(5,ID,"false")
(7,KEY,"function")
(9,KEY,"if")
(11,KEY,"integer")
(13,KEY,"print")
(15,KEY,"return")
(17,ID,"string")
(19,ID,"true")
(21,KEY,"void")
(23,KEY,"while")
