(1,ID,"a")
(1,SYM,":")
(1,ID,"string")
(1,SYM,"=")
(1,ERROR,""")
(1,NUM,"123")
(3,ID,"def")
(3,NUM,"123")
(3,ERROR,""")
