(1,ERROR,"+")
(1,ERROR,"-")
(1,ERROR,"*")
(1,ERROR,"/")
(1,ERROR,"%")
(3,ERROR,"!")
(3,ERROR,"<")
(3,ERROR,">")
(3,SYM,"=")
(5,SYM,":")
(5,SYM,";")
(5,SYM,",")
(7,SYM,"(")
(7,SYM,")")
(7,SYM,"{")
(7,SYM,"}")
(9,SYMC,"<=")
(9,SYMC,">=")
(9,SYM,"=")
(9,SYM,"=")
(9,SYMC,"!=")
(11,ERROR,"&")
(11,ERROR,"&")
(11,ERROR,"|")
(11,ERROR,"|")
