(5,KEY,"if")
(5,SYM,"(")
(5,ID,"b")
(5,SYM,")")
(7,KEY,"print")
(7,SYM,"(")
(7,NUM,"1")
(7,SYM,")")
(7,SYM,";")
