(1,NUM,"0")
(3,NUM,"1")
(5,NUM,"2")
(7,NUM,"3")
(9,NUM,"4")
(11,NUM,"5")
(13,NUM,"10")
(15,NUM,"26")
(17,NUM,"777")
(19,NUM,"800")
(21,NUM,"00")
(23,NUM,"919")
(25,NUM,"5000")
(27,NUM,"10987")
(29,NUM,"99123")
